
> listenriver.com@1.0.0 build
> hugo --minify && npm run clean:pagefind && pagefind --site public && npm run check:pagefind-output

WARN  deprecated: project config key languageCode was deprecated in Hugo v0.158.0 and will be removed in a future release. Use locale instead.
WARN  deprecated: project config key languages.zh-tw.languageCode was deprecated in Hugo v0.158.0 and will be removed in a future release. Use languages.zh-tw.locale instead.
WARN  deprecated: project config key languages.zh-tw.languageName was deprecated in Hugo v0.158.0 and will be removed in a future release. Use languages.zh-tw.label instead.
Start building sites … 
hugo v0.166.0-78400b4de8adc99273d3e674ed6c4d14c3bdf669 windows/amd64 BuildDate=2026-09-09T14:45:02Z VendorInfo=gohugoio

WARN  deprecated: .Language.LanguageDirection was deprecated in Hugo v0.158.0 and will be removed in a future release. Use .Language.Direction instead.
WARN  deprecated: .Language.LanguageCode was deprecated in Hugo v0.158.0 and will be removed in a future release. Use .Language.Locale instead.

                  │ ZH - TW 
──────────────────┼─────────
 Pages            │     340 
 Paginator pages  │      90 
 Non-page files   │     556 
 Static files     │      31 
 Processed images │    4558 
 Aliases          │     241 
 Cleaned          │       0 

Total in 15137 ms

> listenriver.com@1.0.0 clean:pagefind
> node scripts/clean-pagefind.mjs


Running Pagefind v1.5.2 (Extended)
Running from: "C:\\Users\\wenyang\\Documents\\GitHub\\listenriver.com"
Source:       "public"
Output:       "public\\pagefind"

[Walking source directory]
Found 591 files matching **/*.{html}

[Parsing files]
Found a data-pagefind-body element on the site.
↳ Ignoring pages without this tag.

[Reading languages]
Discovered 1 language: zh-tw

[Building search indexes]
Total: 
  Indexed 1 language
  Indexed 227 pages
  Indexed 12913 words
  Indexed 0 filters
  Indexed 0 sorts
Note: Pagefind doesn't support stemming for the language zh-tw. 
Search will still work, but will not match across root words.
Note: Pagefind doesn't support stemming for the language zh-tw. 
Search will still work, but will not match across root words.

┌─────────────────────────────────────────────────────────────────────────┐
│  Pagefind found references to the Default UI (pagefind-ui.js)           │
│  on your site. The Default UI is supported and will continue            │
│  to work.                                                               │
│                                                                         │
│  As of 1.5.0, if you are setting up a new integration, use the          │
│  Component UI instead. It includes a search modal, better               │
│  accessibility and customization: https://pagefind.app/docs/search-ui/  │
└─────────────────────────────────────────────────────────────────────────┘

Finished in 1.461 seconds

> listenriver.com@1.0.0 check:pagefind-output
> node scripts/check-pagefind-output.mjs

Validated Pagefind output with 227 indexed pages.
