
> listenriver.com@1.0.0 build
> hugo --minify && npm run clean:pagefind && pagefind --site public && npm run check:pagefind-output

Start building sites … 
hugo v0.160.1-d6bc8165e62b29d7d70ede01ed01d0f88de327e6+extended windows/amd64 BuildDate=2026-04-08T14:02:42Z VendorInfo=gohugoio


                  │ ZH - TW 
──────────────────┼─────────
 Pages            │     340 
 Paginator pages  │      84 
 Non-page files   │     556 
 Static files     │      32 
 Processed images │    4522 
 Aliases          │     240 
 Cleaned          │       0 

Total in 17172 ms

> listenriver.com@1.0.0 clean:pagefind
> node scripts/clean-pagefind.mjs


Running Pagefind v1.5.2 (Extended)
Running from: "C:\\Hugo\\listenriver.com"
Source:       "public"
Output:       "public\\pagefind"

[Walking source directory]
Found 695 files matching **/*.{html}

[Parsing files]
Found a data-pagefind-body element on the site.
↳ Ignoring pages without this tag.

[Reading languages]
Discovered 1 language: zh-tw

[Building search indexes]
Total: 
  Indexed 1 language
  Indexed 278 pages
  Indexed 13009 words
  Indexed 0 filters
  Indexed 0 sorts
Note: Pagefind doesn't support stemming for the language zh-tw. 
Search will still work, but will not match across root words.
Note: Pagefind doesn't support stemming for the language zh-tw. 
Search will still work, but will not match across root words.

┌─────────────────────────────────────────────────────────────────────────┐
│  Pagefind found references to the Default UI (pagefind-ui.js)           │
│  on your site. The Default UI is supported and will continue            │
│  to work.                                                               │
│                                                                         │
│  As of 1.5.0, if you are setting up a new integration, use the          │
│  Component UI instead. It includes a search modal, better               │
│  accessibility and customization: https://pagefind.app/docs/search-ui/  │
└─────────────────────────────────────────────────────────────────────────┘

Finished in 4.073 seconds

> listenriver.com@1.0.0 check:pagefind-output
> node scripts/check-pagefind-output.mjs

Validated Pagefind output with 278 indexed pages.
